Microchip MPLAB XC8 Compiler V2.30

Linker command line:

-W-3 --edf=E:\Program Files\Microchip\xc8\v2.30\pic\dat\en_msgs.txt -cn \
  -h+dist/default/production\Mach_encoder_4NN_LCD_PID_Pic16F887_MPlab.X.production.sym \
  --cmf=dist/default/production\Mach_encoder_4NN_LCD_PID_Pic16F887_MPlab.X.production.cmf \
  -z -Q16F887 -oC:\Users\THAT_H\AppData\Local\Temp\s9rsx2 \
  --defsym=__MPLAB_BUILD=1 \
  -Mdist/default/production/Mach_encoder_4NN_LCD_PID_Pic16F887_MPlab.X.production.map \
  -E1 -ver=XC8 Compiler --acfsm=1493 -ASTACK=0124h-016Fh -pstack=STACK \
  -ACODE=00h-07FFhx4 -ASTRCODE=00h-01FFFh -ASTRING=00h-0FFhx32 \
  -ACONST=00h-0FFhx32 -AENTRY=00h-0FFhx32 -ACOMMON=070h-07Fh \
  -ABANK0=020h-06Fh -ABANK1=0A0h-0EFh -ABANK2=0110h-016Fh \
  -ABANK3=0190h-01EFh -ARAM=020h-06Fh,0A0h-0EFh,0110h-016Fh,0190h-01EFh \
  -AABS1=020h-07Fh,0A0h-0EFh,0110h-016Fh,0190h-01EFh -ASFR0=00h-01Fh \
  -ASFR1=080h-09Fh -ASFR2=0100h-010Fh -ASFR3=0180h-018Fh \
  -ACONFIG=02007h-02008h -DCONFIG=2 -AIDLOC=02000h-02003h -DIDLOC=2 \
  -AEEDATA=00h-0FFh/02100h -peeprom_data=EEDATA -DEEDATA=2 -DCODE=2 \
  -DSTRCODE=2 -DSTRING=2 -DCONST=2 -DENTRY=2 \
  -preset_vec=00h,intentry=04h,init,end_init -ppowerup=CODE -pcinit=CODE \
  -pfunctab=ENTRY -k C:\Users\THAT_H\AppData\Local\Temp\s9rsxb.o \
  dist/default/production\Mach_encoder_4NN_LCD_PID_Pic16F887_MPlab.X.production.o 

Object code version is 3.11

Machine type is 16F887



                Name                               Link     Load   Length Selector   Space Scale
C:\Users\THAT_H\AppData\Local\Temp\s9rsxb.o
                end_init                              C        C        3        8       0
                reset_vec                             0        0        3        0       0
                config                             2007     2007        2        0       4
dist/default/production\Mach_encoder_4NN_LCD_PID_Pic16F887_MPlab.X.production.o
                cinit                                 F        F       18        8       0
                intentry                              4        4        8        8       0
                config                             2007     2007        2        0       4
                text31                             1E7E     1E7E       79     3CFC       0
                text30                             1B86     1B86       22     370C       0
                text29                              800      800       16     1000       0
                text28                              816      816       61     102C       0
                text27                             1D50     1D50       58     3AA0       0
                text26                             1BF6     1BF6       39     37EC       0
                text25                             1BA8     1BA8       25     3750       0
                text24                             10E9     10E9       9D     21D2       0
                text23                             1006     1006       51     200C       0
                text22                             1F79     1F79       87     3EF2       0
                text21                             1CB4     1CB4       4C     3968       0
                text20                             1C2F     1C2F       3D     385E       0
                text19                             12E6     12E6      1DD     25CC       0
                text18                             1BCD     1BCD       29     379A       0
                text17                              939      939      361     1272       0
                text16                             1057     1057       92     20AE       0
                text15                             122A     122A       BC     2454       0
                text14                              877      877       C2     10EE       0
                text13                             1B70     1B70        B     36E0       0
                text12                             1B6B     1B6B        5     36D6       0
                text11                              736      736       C2        8       0
                text10                             1B7B     1B7B        B     36F6       0
                text9                              1001     1001        5     2002       0
                text8                              1E06     1E06       78     3C0C       0
                text7                              1EF7     1EF7       82     3DEE       0
                text6                              1DA8     1DA8       5E     3B50       0
                text5                              1186     1186       A4     230C       0
                text4                               C9A      C9A      366     1934       0
                text3                              1D00     1D00       50     3A00       0
                text2                              1C6C     1C6C       48     38D8       0
                text1                                27       27      70F        8       0
                maintext                           14C3     14C3      33D     2986       0
                cstackBANK0                          20       20       50       20       1
                cstackCOMMON                         70       70        A       70       1
                cstackBANK1                          A0       A0       34       A0       1
                cstackBANK2                         110      110       14      110       1
                clrtext                             7F8      7F8        8        8       0
                bssBANK3                            190      190       52      190       1
                bssBANK1                             D4       D4        A       A0       1
                bssCOMMON                            7A       7A        2       70       1
                strings                            1800     1800       2A     3000       0
                nvBANK3                             1E2      1E2        4      190       1

TOTAL           Name                               Link     Load   Length     Space
        CLASS   STACK          

        CLASS   CODE           
                end_init                              C        C        3         0
                cinit                                 F        F       18         0
                intentry                              4        4        8         0
                reset_vec                             0        0        3         0
                text31                             1E7E     1E7E       79         0
                text30                             1B86     1B86       22         0
                text29                              800      800       16         0
                text28                              816      816       61         0
                text27                             1D50     1D50       58         0
                text26                             1BF6     1BF6       39         0
                text25                             1BA8     1BA8       25         0
                text24                             10E9     10E9       9D         0
                text23                             1006     1006       51         0
                text22                             1F79     1F79       87         0
                text21                             1CB4     1CB4       4C         0
                text20                             1C2F     1C2F       3D         0
                text19                             12E6     12E6      1DD         0
                text18                             1BCD     1BCD       29         0
                text17                              939      939      361         0
                text16                             1057     1057       92         0
                text15                             122A     122A       BC         0
                text14                              877      877       C2         0
                text13                             1B70     1B70        B         0
                text12                             1B6B     1B6B        5         0
                text11                              736      736       C2         0
                text10                             1B7B     1B7B        B         0
                text9                              1001     1001        5         0
                text8                              1E06     1E06       78         0
                text7                              1EF7     1EF7       82         0
                text6                              1DA8     1DA8       5E         0
                text5                              1186     1186       A4         0
                text4                               C9A      C9A      366         0
                text3                              1D00     1D00       50         0
                text2                              1C6C     1C6C       48         0
                text1                                27       27      70F         0
                maintext                           14C3     14C3      33D         0
                clrtext                             7F8      7F8        8         0

        CLASS   STRCODE        

        CLASS   STRING         
                strings                            1800     1800       2A         0

        CLASS   CONST          

        CLASS   ENTRY          

        CLASS   COMMON         
                cstackCOMMON                         70       70        A         1
                bssCOMMON                            7A       7A        2         1

        CLASS   BANK0          
                cstackBANK0                          20       20       50         1

        CLASS   BANK1          
                cstackBANK1                          A0       A0       34         1
                bssBANK1                             D4       D4        A         1

        CLASS   BANK2          
                cstackBANK2                         110      110       14         1

        CLASS   BANK3          
                bssBANK3                            190      190       52         1
                nvBANK3                             1E2      1E2        4         1

        CLASS   RAM            

        CLASS   ABS1           
                abs_s1                               7E       7E        2         1

        CLASS   SFR0           

        CLASS   SFR1           

        CLASS   SFR2           

        CLASS   SFR3           

        CLASS   CONFIG         
                config                             2007     2007        2         4

        CLASS   IDLOC          

        CLASS   EEDATA         



SEGMENTS        Name                           Load    Length   Top    Selector   Space  Class     Delta

                reset_vec                      000000  000003  000003         0       0  CODE        2
                intentry                       000004  0007FC  000800         8       0  CODE        2
                cstackBANK0                    000020  000050  000070        20       1  BANK0       1
                cstackCOMMON                   000070  00000C  00007C        70       1  COMMON      1
                cstackBANK1                    0000A0  00003E  0000DE        A0       1  BANK1       1
                cstackBANK2                    000110  000014  000124       110       1  BANK2       1
                bssBANK3                       000190  000056  0001E6       190       1  BANK3       1
                text29                         000800  000016  000816      1000       0  CODE        2
                text28                         000816  000061  000877      102C       0  CODE        2
                text14                         000877  0000C2  000939      10EE       0  CODE        2
                text17                         000939  000361  000C9A      1272       0  CODE        2
                text4                          000C9A  000366  001000      1934       0  CODE        2
                text9                          001001  000005  001006      2002       0  CODE        2
                text23                         001006  000051  001057      200C       0  CODE        2
                text16                         001057  000092  0010E9      20AE       0  CODE        2
                text24                         0010E9  00009D  001186      21D2       0  CODE        2
                text5                          001186  0000A4  00122A      230C       0  CODE        2
                text15                         00122A  0000BC  0012E6      2454       0  CODE        2
                text19                         0012E6  0001DD  0014C3      25CC       0  CODE        2
                maintext                       0014C3  00033D  001800      2986       0  CODE        2
                strings                        001800  00002A  00182A      3000       0  STRING      2
                text12                         001B6B  000005  001B70      36D6       0  CODE        2
                text13                         001B70  00000B  001B7B      36E0       0  CODE        2
                text10                         001B7B  00000B  001B86      36F6       0  CODE        2
                text30                         001B86  000022  001BA8      370C       0  CODE        2
                text25                         001BA8  000025  001BCD      3750       0  CODE        2
                text18                         001BCD  000029  001BF6      379A       0  CODE        2
                text26                         001BF6  000039  001C2F      37EC       0  CODE        2
                text20                         001C2F  00003D  001C6C      385E       0  CODE        2
                text2                          001C6C  000048  001CB4      38D8       0  CODE        2
                text21                         001CB4  00004C  001D00      3968       0  CODE        2
                text3                          001D00  000050  001D50      3A00       0  CODE        2
                text27                         001D50  000058  001DA8      3AA0       0  CODE        2
                text6                          001DA8  00005E  001E06      3B50       0  CODE        2
                text8                          001E06  000078  001E7E      3C0C       0  CODE        2
                text31                         001E7E  000079  001EF7      3CFC       0  CODE        2
                text7                          001EF7  000082  001F79      3DEE       0  CODE        2
                text22                         001F79  000087  002000      3EF2       0  CODE        2


UNUSED ADDRESS RANGES

        Name                Unused          Largest block    Delta
        BANK1            00DE-00EF             12           1
        BANK2            0124-016F             4C           1
        BANK3            01E6-01EF              A           1
        CODE             0003-0003              1           2
                         1000-1000              1
                         182A-1B6A            341
        COMMON           007C-007D              2           1
        CONST            0003-0003              1           2
                         1000-1000              1
                         182A-1B6A            100
        EEDATA           2100-21FF            100           2
        ENTRY            0003-0003              1           2
                         1000-1000              1
                         182A-1B6A            100
        IDLOC            2000-2003              4           2
        RAM              00DE-00EF             12           1
                         0124-016F             4C
                         01E6-01EF              A
        SFR0             0000-001F             20           1
        SFR1             0080-009F             20           1
        SFR2             0100-010F             10           1
        SFR3             0180-018F             10           1
        STACK            0124-016F             4C           1
        STRCODE          0003-0003              1           2
                         1000-1000              1
                         182A-1B6A            341
        STRING           0003-0003              1           2
                         1000-1000              1
                         182A-1B6A            100

                                  Symbol Table

?_PWM_Max_Duty             cstackBANK0  0034
?__Umul8_16                cstackCOMMON 0072
?___aldiv                  cstackBANK0  0025
?___almod                  cstackBANK0  0034
?___fladd                  cstackBANK0  0062
?___fldiv                  cstackBANK1  00A8
?___flmul                  cstackBANK0  0048
?___flsub                  cstackBANK1  00A8
?___fltol                  cstackBANK1  00C2
?___lmul                   cstackCOMMON 0072
?___xxtofl                 cstackBANK0  003A
Lcd_Cmd@a                  cstackCOMMON 0074
Lcd_Port@a                 cstackCOMMON 0072
Lcd_Set_Cursor@a           cstackBANK0  0020
Lcd_Set_Cursor@b           cstackCOMMON 0075
Lcd_Set_Cursor@temp        cstackBANK0  0023
Lcd_Set_Cursor@y           cstackBANK0  0022
Lcd_Set_Cursor@z           cstackBANK0  0021
Lcd_Write_Char@a           cstackCOMMON 0076
Lcd_Write_Char@temp        cstackCOMMON 0074
Lcd_Write_Char@y           cstackCOMMON 0075
Lcd_Write_String@a         cstackCOMMON 0079
Lcd_Write_String@i         cstackCOMMON 0077
PWM1_Duty@duty             cstackBANK1  00CB
PWM1_Init@fre              cstackBANK0  0034
PWM2_Duty@duty             cstackBANK1  00CB
_ANSEL                     (abs)        0188
_ANSELH                    (abs)        0189
_CCP1M2                    (abs)        00BA
_CCP1M3                    (abs)        00BB
_CCP1X                     (abs)        00BD
_CCP1Y                     (abs)        00BC
_CCP2M2                    (abs)        00EA
_CCP2M3                    (abs)        00EB
_CCP2X                     (abs)        00ED
_CCP2Y                     (abs)        00EC
_CCPR1L                    (abs)        0015
_CCPR2L                    (abs)        001B
_INTCONbits                (abs)        000B
_ISR                       text31       1E7E
_Lcd_Cmd                   text29       0800
_Lcd_Init                  text28       0816
_Lcd_Port                  text30       1B86
_Lcd_Set_Cursor            text27       1D50
_Lcd_Write_Char            text26       1BF6
_Lcd_Write_String          text25       1BA8
_OPTION_REGbits            (abs)        0081
_PORTAbits                 (abs)        0005
_PORTCbits                 (abs)        0007
_PR2                       (abs)        0092
_PWM1_Duty                 text14       0877
_PWM1_Init                 text23       1006
_PWM1_Start                text13       1B70
_PWM1_Stop                 text12       1B6B
_PWM2_Duty                 text11       0736
_PWM2_Start                text10       1B7B
_PWM2_Stop                 text9        1001
_PWM_Max_Duty              text20       1C2F
_RB2                       (abs)        0032
_RB3                       (abs)        0033
_RB4                       (abs)        0034
_RD4                       (abs)        0044
_RD5                       (abs)        0045
_RD6                       (abs)        0046
_RD7                       (abs)        0047
_T2CKPS0                   (abs)        0090
_T2CKPS1                   (abs)        0091
_TMR0                      (abs)        0001
_TMR2ON                    (abs)        0092
_TRISA                     (abs)        0085
_TRISB                     (abs)        0086
_TRISC                     (abs)        0087
_TRISC1                    (abs)        0439
_TRISC2                    (abs)        043A
_TRISD                     (abs)        0088
__Habs1                    abs1         0000
__Hbank0                   bank0        0000
__Hbank1                   bank1        0000
__Hbank2                   bank2        0000
__Hbank3                   bank3        0000
__HbssBANK1                bssBANK1     0000
__HbssBANK3                bssBANK3     0000
__HbssCOMMON               bssCOMMON    0000
__Hcinit                   cinit        0027
__Hclrtext                 clrtext      0000
__Hcode                    code         0000
__Hcommon                  common       0000
__Hconfig                  config       2009
__HcstackBANK0             cstackBANK0  0000
__HcstackBANK1             cstackBANK1  0000
__HcstackBANK2             cstackBANK2  0000
__HcstackCOMMON            cstackCOMMON 0000
__Heeprom_data             eeprom_data  0000
__Hend_init                end_init     000F
__Hfunctab                 functab      0000
__Hinit                    init         000C
__Hintentry                intentry     000C
__Hmaintext                maintext     0000
__HnvBANK3                 nvBANK3      0000
__Hpowerup                 powerup      0000
__Hram                     ram          0000
__Hreset_vec               reset_vec    0003
__Hsfr0                    sfr0         0000
__Hsfr1                    sfr1         0000
__Hsfr2                    sfr2         0000
__Hsfr3                    sfr3         0000
__Hspace_0                 (abs)        2000
__Hspace_1                 (abs)        01E6
__Hspace_2                 (abs)        0000
__Hspace_3                 (abs)        0000
__Hspace_4                 (abs)        4010
__Hstack                   stack        0000
__Hstrings                 strings      0000
__Htext                    text         0000
__Labs1                    abs1         0000
__Lbank0                   bank0        0000
__Lbank1                   bank1        0000
__Lbank2                   bank2        0000
__Lbank3                   bank3        0000
__LbssBANK1                bssBANK1     0000
__LbssBANK3                bssBANK3     0000
__LbssCOMMON               bssCOMMON    0000
__Lcinit                   cinit        000F
__Lclrtext                 clrtext      0000
__Lcode                    code         0000
__Lcommon                  common       0000
__Lconfig                  config       0000
__LcstackBANK0             cstackBANK0  0000
__LcstackBANK1             cstackBANK1  0000
__LcstackBANK2             cstackBANK2  0000
__LcstackCOMMON            cstackCOMMON 0000
__Leeprom_data             eeprom_data  0000
__Lend_init                end_init     000C
__Lfunctab                 functab      0000
__Linit                    init         000C
__Lintentry                intentry     0004
__Lmaintext                maintext     0000
__LnvBANK3                 nvBANK3      0000
__Lpowerup                 powerup      0000
__Lram                     ram          0000
__Lreset_vec               reset_vec    0000
__Lsfr0                    sfr0         0000
__Lsfr1                    sfr1         0000
__Lsfr2                    sfr2         0000
__Lsfr3                    sfr3         0000
__Lspace_0                 (abs)        0000
__Lspace_1                 (abs)        0000
__Lspace_2                 (abs)        0000
__Lspace_3                 (abs)        0000
__Lspace_4                 (abs)        0000
__Lstack                   stack        0000
__Lstrings                 strings      0000
__Ltext                    text         0000
__S0                       (abs)        2000
__S1                       (abs)        01E6
__S2                       (abs)        0000
__S3                       (abs)        0000
__Umul8_16                 text18       1BCD
__Umul8_16@multiplicand    cstackCOMMON 0072
__Umul8_16@multiplier      cstackBANK0  0024
__Umul8_16@product         cstackBANK0  0020
__Umul8_16@word_mpld       cstackBANK0  0022
___aldiv                   text24       10E9
___aldiv@counter           cstackBANK0  002E
___aldiv@dividend          cstackBANK0  0029
___aldiv@divisor           cstackBANK0  0025
___aldiv@quotient          cstackBANK0  0030
___aldiv@sign              cstackBANK0  002F
___almod                   text22       1F79
___almod@counter           cstackBANK0  003D
___almod@dividend          cstackBANK0  0038
___almod@divisor           cstackBANK0  0034
___almod@sign              cstackBANK0  003E
___fladd                   text4        0C9A
___fladd@a                 cstackBANK0  0066
___fladd@aexp              cstackBANK0  006B
___fladd@b                 cstackBANK0  0062
___fladd@bexp              cstackBANK0  006C
___fladd@grs               cstackBANK0  006D
___fladd@signs             cstackBANK0  006A
___fldiv                   text19       12E6
___fldiv@a                 cstackBANK1  00A8
___fldiv@aexp              cstackBANK1  00C1
___fldiv@b                 cstackBANK1  00AC
___fldiv@bexp              cstackBANK1  00C0
___fldiv@grs               cstackBANK1  00BC
___fldiv@new_exp           cstackBANK1  00BA
___fldiv@rem               cstackBANK1  00B5
___fldiv@sign              cstackBANK1  00B9
___flge                    text5        1186
___flge@ff1                cstackCOMMON 0072
___flge@ff2                cstackCOMMON 0076
___flmul                   text17       0939
___flmul@a                 cstackBANK0  004C
___flmul@aexp              cstackBANK0  0056
___flmul@b                 cstackBANK0  0048
___flmul@bexp              cstackBANK0  005B
___flmul@grs               cstackBANK0  0057
___flmul@prod              cstackBANK0  005C
___flmul@sign              cstackBANK0  0055
___flmul@temp              cstackBANK0  0060
___flsub                   text3        1D00
___flsub@a                 cstackBANK1  00A8
___flsub@b                 cstackBANK1  00AC
___fltol                   text16       1057
___fltol@exp1              cstackBANK0  006F
___fltol@f1                cstackBANK1  00C2
___fltol@sign1             cstackBANK0  006E
___int_sp                  stack        0000
___latbits                 (abs)        0002
___lmul                    text2        1C6C
___lmul@multiplicand       cstackCOMMON 0076
___lmul@multiplier         cstackCOMMON 0072
___lmul@product            cstackBANK0  0021
___sp                      stack        0000
___stackhi                 (abs)        0000
___stacklo                 (abs)        0000
___xxtofl                  text15       122A
___xxtofl@arg              cstackBANK0  0044
___xxtofl@exp              cstackBANK0  0043
___xxtofl@sign             cstackBANK0  0042
___xxtofl@val              cstackBANK0  003A
__end_of_ISR               text31       1EF7
__end_of_Lcd_Cmd           text29       0816
__end_of_Lcd_Init          text28       0877
__end_of_Lcd_Port          text30       1BA8
__end_of_Lcd_Set_Cursor    text27       1DA8
__end_of_Lcd_Write_Char    text26       1C2F
__end_of_Lcd_Write_String  text25       1BCD
__end_of_PWM1_Duty         text14       0939
__end_of_PWM1_Init         text23       1057
__end_of_PWM1_Start        text13       1B7B
__end_of_PWM1_Stop         text12       1B70
__end_of_PWM2_Duty         text11       07F8
__end_of_PWM2_Start        text10       1B86
__end_of_PWM2_Stop         text9        1006
__end_of_PWM_Max_Duty      text20       1C6C
__end_of__Umul8_16         text18       1BF6
__end_of___aldiv           text24       1186
__end_of___almod           text22       2000
__end_of___fladd           text4        1000
__end_of___fldiv           text19       14C3
__end_of___flge            text5        122A
__end_of___flmul           text17       0C9A
__end_of___flsub           text3        1D50
__end_of___fltol           text16       10E9
__end_of___lmul            text2        1CB4
__end_of___xxtofl          text15       12E6
__end_of__initialization   cinit        0023
__end_of__stringtab        strings      1806
__end_of_main              maintext     1800
__end_of_nn_dw             text21       1D00
__end_of_nn_inv            text8        1E7E
__end_of_nn_ss             text7        1F79
__end_of_nn_up             text6        1E06
__end_of_tinh_pid          text1        0736
__initialization           cinit        000F
__pbssBANK1                bssBANK1     00D4
__pbssBANK3                bssBANK3     0190
__pbssCOMMON               bssCOMMON    007A
__pcstackBANK0             cstackBANK0  0020
__pcstackBANK1             cstackBANK1  00A0
__pcstackBANK2             cstackBANK2  0110
__pcstackCOMMON            cstackCOMMON 0070
__pintentry                intentry     0004
__pmaintext                maintext     14C3
__pnvBANK3                 nvBANK3      01E2
__pstrings                 strings      1800
__ptext1                   text1        0027
__ptext10                  text10       1B7B
__ptext11                  text11       0736
__ptext12                  text12       1B6B
__ptext13                  text13       1B70
__ptext14                  text14       0877
__ptext15                  text15       122A
__ptext16                  text16       1057
__ptext17                  text17       0939
__ptext18                  text18       1BCD
__ptext19                  text19       12E6
__ptext2                   text2        1C6C
__ptext20                  text20       1C2F
__ptext21                  text21       1CB4
__ptext22                  text22       1F79
__ptext23                  text23       1006
__ptext24                  text24       10E9
__ptext25                  text25       1BA8
__ptext26                  text26       1BF6
__ptext27                  text27       1D50
__ptext28                  text28       0816
__ptext29                  text29       0800
__ptext3                   text3        1D00
__ptext30                  text30       1B86
__ptext31                  text31       1E7E
__ptext4                   text4        0C9A
__ptext5                   text5        1186
__ptext6                   text6        1DA8
__ptext7                   text7        1EF7
__ptext8                   text8        1E06
__ptext9                   text9        1001
__size_of_ISR              (abs)        0000
__size_of_Lcd_Cmd          (abs)        0000
__size_of_Lcd_Init         (abs)        0000
__size_of_Lcd_Port         (abs)        0000
__size_of_Lcd_Set_Cursor   (abs)        0000
__size_of_Lcd_Write_Char   (abs)        0000
__size_of_Lcd_Write_String (abs)        0000
__size_of_PWM1_Duty        (abs)        0000
__size_of_PWM1_Init        (abs)        0000
__size_of_PWM1_Start       (abs)        0000
__size_of_PWM1_Stop        (abs)        0000
__size_of_PWM2_Duty        (abs)        0000
__size_of_PWM2_Start       (abs)        0000
__size_of_PWM2_Stop        (abs)        0000
__size_of_PWM_Max_Duty     (abs)        0000
__size_of__Umul8_16        (abs)        0000
__size_of___aldiv          (abs)        0000
__size_of___almod          (abs)        0000
__size_of___fladd          (abs)        0000
__size_of___fldiv          (abs)        0000
__size_of___flge           (abs)        0000
__size_of___flmul          (abs)        0000
__size_of___flsub          (abs)        0000
__size_of___fltol          (abs)        0000
__size_of___lmul           (abs)        0000
__size_of___xxtofl         (abs)        0000
__size_of_main             (abs)        0000
__size_of_nn_dw            (abs)        0000
__size_of_nn_inv           (abs)        0000
__size_of_nn_ss            (abs)        0000
__size_of_nn_up            (abs)        0000
__size_of_tinh_pid         (abs)        0000
__stringbase               strings      1805
__stringtab                strings      1800
_a                         bssBANK3     01B4
_b                         bssBANK3     01B0
_chay                      bssBANK3     0194
_dat                       bssBANK3     0198
_dem                       bssBANK3     01C8
_e                         bssBANK3     01C0
_e1                        bssBANK3     01BC
_e2                        bssBANK3     01B8
_freq                      nvBANK3      01E2
_ga                        bssBANK3     01AC
_kd                        bssBANK3     01DE
_ki                        bssBANK3     01A4
_kp                        bssBANK3     01A8
_lastout                   bssBANK3     019C
_luu                       bssBANK3     01D0
_main                      maintext     14C3
_nn_dw                     text21       1CB4
_nn_inv                    text8        1E06
_nn_ss                     text7        1EF7
_nn_up                     text6        1DA8
_out                       bssBANK3     01A0
_pwmduty                   bssBANK1     00D4
_t                         bssBANK1     00DA
_td                        bssBANK3     01CC
_tinh_pid                  text1        0027
_tinh_pid$920              cstackBANK2  0120
_tinh_pid$921              cstackBANK2  0118
_tinh_pid$922              cstackBANK2  011C
_tinh_pid$923              cstackBANK2  0110
_tinh_pid$924              cstackBANK2  0114
_tt                        bssBANK3     01DC
_tt_inv                    bssBANK1     00D8
_tt_ss                     bssCOMMON    007A
_xung                      bssBANK3     01D4
btemp                      (abs)        007E
clear_ram0                 clrtext      07F8
end_of_initialization      cinit        0023
interrupt_function         intentry     0004
intlevel0                  functab      0000
intlevel1                  functab      0000
intlevel2                  functab      0000
intlevel3                  functab      0000
intlevel4                  functab      0000
intlevel5                  functab      0000
reset_vec                  reset_vec    0000
saved_w                    (abs)        007E
start                      init         000C
start_initialization       cinit        000F
wtemp0                     (abs)        007E


FUNCTION INFORMATION:

 *************** function _main *****************
 Defined at:
		line 191 in file "Mach_encoder_4NN_LCD_PID_Pic16F887_MPlab.c"
 Parameters:    Size  Location     Type
		None
 Auto vars:     Size  Location     Type
		None
 Return value:  Size  Location     Type
                  1    wreg      void 
 Registers used:
		wreg, fsr0l, fsr0h, status,2, status,0, btemp+1, pclath, cstack
 Tracked objects:
		On entry : 
		On exit  : 
		Unchanged: 
 Data sizes:     COMMON   BANK0   BANK1   BANK3   BANK2
      Params:         0       0       0       0       0
      Locals:         0       0       0       0       0
      Temps:          0       0       1       0       0
      Totals:         0       0       1       0       0
Total ram usage:        1 bytes
 Hardware stack levels required when called:    5
 This function calls:
		_Lcd_Init
		_Lcd_Set_Cursor
		_Lcd_Write_Char
		_Lcd_Write_String
		_PWM1_Duty
		_PWM1_Init
		_PWM1_Start
		_PWM1_Stop
		_PWM2_Duty
		_PWM2_Start
		_PWM2_Stop
		___aldiv
		___almod
		_nn_dw
		_nn_inv
		_nn_ss
		_nn_up
		_tinh_pid
 This function is called by:
		Startup code after reset
 This function uses a non-reentrant model


 *************** function _tinh_pid *****************
 Defined at:
		line 163 in file "Mach_encoder_4NN_LCD_PID_Pic16F887_MPlab.c"
 Parameters:    Size  Location     Type
		None
 Auto vars:     Size  Location     Type
		None
 Return value:  Size  Location     Type
                  1    wreg      void 
 Registers used:
		wreg, status,2, status,0, btemp+1, pclath, cstack
 Tracked objects:
		On entry : 
		On exit  : 
		Unchanged: 
 Data sizes:     COMMON   BANK0   BANK1   BANK3   BANK2
      Params:         0       0       0       0       0
      Locals:         0       0       0       0      20
      Temps:          0       0       4       0       0
      Totals:         0       0       4       0      20
Total ram usage:       24 bytes
 Hardware stack levels used:    1
 Hardware stack levels required when called:    4
 This function calls:
		_PWM1_Duty
		_PWM2_Duty
		___aldiv
		___fladd
		___fldiv
		___flge
		___flmul
		___flsub
		___fltol
		___lmul
		___xxtofl
 This function is called by:
		_main
 This function uses a non-reentrant model


 *************** function ___lmul *****************
 Defined at:
		line 15 in file "E:\Program Files\Microchip\xc8\v2.30\pic\sources\c90\common\Umul32.c"
 Parameters:    Size  Location     Type
  multiplier      4    2[COMMON] unsigned long 
  multiplicand    4    6[COMMON] unsigned long 
 Auto vars:     Size  Location     Type
  product         4    1[BANK0 ] unsigned long 
 Return value:  Size  Location     Type
                  4    2[COMMON] unsigned long 
 Registers used:
		wreg, status,2, status,0
 Tracked objects:
		On entry : 
		On exit  : 
		Unchanged: 
 Data sizes:     COMMON   BANK0   BANK1   BANK3   BANK2
      Params:         8       0       0       0       0
      Locals:         0       4       0       0       0
      Temps:          0       1       0       0       0
      Totals:         8       5       0       0       0
Total ram usage:       13 bytes
 Hardware stack levels used:    1
 Hardware stack levels required when called:    1
 This function calls:
		Nothing
 This function is called by:
		_tinh_pid
 This function uses a non-reentrant model


 *************** function ___flsub *****************
 Defined at:
		line 242 in file "E:\Program Files\Microchip\xc8\v2.30\pic\sources\c90\common\sprcadd.c"
 Parameters:    Size  Location     Type
  a               4    8[BANK1 ] unsigned long 
  b               4   12[BANK1 ] unsigned long 
 Auto vars:     Size  Location     Type
		None
 Return value:  Size  Location     Type
                  4    8[BANK1 ] unsigned long 
 Registers used:
		wreg, status,2, status,0, btemp+1, pclath, cstack
 Tracked objects:
		On entry : 
		On exit  : 
		Unchanged: 
 Data sizes:     COMMON   BANK0   BANK1   BANK3   BANK2
      Params:         0       0       8       0       0
      Locals:         0       0       0       0       0
      Temps:          0       0       0       0       0
      Totals:         0       0       8       0       0
Total ram usage:        8 bytes
 Hardware stack levels used:    1
 Hardware stack levels required when called:    2
 This function calls:
		___fladd
 This function is called by:
		_tinh_pid
 This function uses a non-reentrant model


 *************** function ___fladd *****************
 Defined at:
		line 10 in file "E:\Program Files\Microchip\xc8\v2.30\pic\sources\c90\common\sprcadd.c"
 Parameters:    Size  Location     Type
  b               4   66[BANK0 ] unsigned long 
  a               4   70[BANK0 ] unsigned long 
 Auto vars:     Size  Location     Type
  grs             1   77[BANK0 ] unsigned char 
  bexp            1   76[BANK0 ] unsigned char 
  aexp            1   75[BANK0 ] unsigned char 
  signs           1   74[BANK0 ] unsigned char 
 Return value:  Size  Location     Type
                  4   66[BANK0 ] unsigned char 
 Registers used:
		wreg, status,2, status,0, btemp+1
 Tracked objects:
		On entry : 
		On exit  : 
		Unchanged: 
 Data sizes:     COMMON   BANK0   BANK1   BANK3   BANK2
      Params:         0       8       0       0       0
      Locals:         0       4       0       0       0
      Temps:          0       0       8       0       0
      Totals:         0      12       8       0       0
Total ram usage:       20 bytes
 Hardware stack levels used:    1
 Hardware stack levels required when called:    1
 This function calls:
		Nothing
 This function is called by:
		_tinh_pid
		___flsub
 This function uses a non-reentrant model


 *************** function ___flge *****************
 Defined at:
		line 4 in file "E:\Program Files\Microchip\xc8\v2.30\pic\sources\c90\common\flge.c"
 Parameters:    Size  Location     Type
  ff1             4    2[COMMON] unsigned char 
  ff2             4    6[COMMON] unsigned char 
 Auto vars:     Size  Location     Type
		None
 Return value:  Size  Location     Type
		None               void
 Registers used:
		wreg, status,2, status,0
 Tracked objects:
		On entry : 
		On exit  : 
		Unchanged: 
 Data sizes:     COMMON   BANK0   BANK1   BANK3   BANK2
      Params:         8       0       0       0       0
      Locals:         0       0       0       0       0
      Temps:          0       4       0       0       0
      Totals:         8       4       0       0       0
Total ram usage:       12 bytes
 Hardware stack levels used:    1
 Hardware stack levels required when called:    1
 This function calls:
		Nothing
 This function is called by:
		_tinh_pid
 This function uses a non-reentrant model


 *************** function _nn_up *****************
 Defined at:
		line 136 in file "Mach_encoder_4NN_LCD_PID_Pic16F887_MPlab.c"
 Parameters:    Size  Location     Type
		None
 Auto vars:     Size  Location     Type
		None
 Return value:  Size  Location     Type
                  1    wreg      void 
 Registers used:
		wreg, status,2, status,0
 Tracked objects:
		On entry : 
		On exit  : 
		Unchanged: 
 Data sizes:     COMMON   BANK0   BANK1   BANK3   BANK2
      Params:         0       0       0       0       0
      Locals:         0       0       0       0       0
      Temps:          4       0       0       0       0
      Totals:         4       0       0       0       0
Total ram usage:        4 bytes
 Hardware stack levels used:    1
 Hardware stack levels required when called:    1
 This function calls:
		Nothing
 This function is called by:
		_main
 This function uses a non-reentrant model


 *************** function _nn_ss *****************
 Defined at:
		line 69 in file "Mach_encoder_4NN_LCD_PID_Pic16F887_MPlab.c"
 Parameters:    Size  Location     Type
		None
 Auto vars:     Size  Location     Type
		None
 Return value:  Size  Location     Type
                  1    wreg      void 
 Registers used:
		wreg, status,2, status,0, btemp+1, pclath, cstack
 Tracked objects:
		On entry : 
		On exit  : 
		Unchanged: 
 Data sizes:     COMMON   BANK0   BANK1   BANK3   BANK2
      Params:         0       0       0       0       0
      Locals:         0       0       0       0       0
      Temps:          0       0       2       0       0
      Totals:         0       0       2       0       0
Total ram usage:        2 bytes
 Hardware stack levels used:    1
 Hardware stack levels required when called:    4
 This function calls:
		_PWM1_Duty
		_PWM1_Start
		_PWM1_Stop
		_PWM2_Duty
		_PWM2_Start
		_PWM2_Stop
 This function is called by:
		_main
 This function uses a non-reentrant model


 *************** function _nn_inv *****************
 Defined at:
		line 107 in file "Mach_encoder_4NN_LCD_PID_Pic16F887_MPlab.c"
 Parameters:    Size  Location     Type
		None
 Auto vars:     Size  Location     Type
		None
 Return value:  Size  Location     Type
                  1    wreg      void 
 Registers used:
		wreg, status,2, status,0, btemp+1, pclath, cstack
 Tracked objects:
		On entry : 
		On exit  : 
		Unchanged: 
 Data sizes:     COMMON   BANK0   BANK1   BANK3   BANK2
      Params:         0       0       0       0       0
      Locals:         0       0       0       0       0
      Temps:          0       0       2       0       0
      Totals:         0       0       2       0       0
Total ram usage:        2 bytes
 Hardware stack levels used:    1
 Hardware stack levels required when called:    4
 This function calls:
		_PWM1_Duty
		_PWM1_Start
		_PWM1_Stop
		_PWM2_Duty
		_PWM2_Start
		_PWM2_Stop
 This function is called by:
		_main
 This function uses a non-reentrant model


 *************** function _PWM2_Stop *****************
 Defined at:
		line 76 in file "./pwm.h"
 Parameters:    Size  Location     Type
		None
 Auto vars:     Size  Location     Type
		None
 Return value:  Size  Location     Type
                  2  135[None  ] int 
 Registers used:
		None
 Tracked objects:
		On entry : 
		On exit  : 
		Unchanged: 
 Data sizes:     COMMON   BANK0   BANK1   BANK3   BANK2
      Params:         0       0       0       0       0
      Locals:         0       0       0       0       0
      Temps:          0       0       0       0       0
      Totals:         0       0       0       0       0
Total ram usage:        0 bytes
 Hardware stack levels used:    1
 Hardware stack levels required when called:    1
 This function calls:
		Nothing
 This function is called by:
		_nn_ss
		_nn_inv
		_main
 This function uses a non-reentrant model


 *************** function _PWM2_Start *****************
 Defined at:
		line 59 in file "./pwm.h"
 Parameters:    Size  Location     Type
		None
 Auto vars:     Size  Location     Type
		None
 Return value:  Size  Location     Type
                  2  132[None  ] int 
 Registers used:
		None
 Tracked objects:
		On entry : 
		On exit  : 
		Unchanged: 
 Data sizes:     COMMON   BANK0   BANK1   BANK3   BANK2
      Params:         0       0       0       0       0
      Locals:         0       0       0       0       0
      Temps:          0       0       0       0       0
      Totals:         0       0       0       0       0
Total ram usage:        0 bytes
 Hardware stack levels used:    1
 Hardware stack levels required when called:    1
 This function calls:
		Nothing
 This function is called by:
		_nn_ss
		_nn_inv
		_main
 This function uses a non-reentrant model


 *************** function _PWM2_Duty *****************
 Defined at:
		line 27 in file "./pwm.h"
 Parameters:    Size  Location     Type
  duty            2   43[BANK1 ] unsigned int 
 Auto vars:     Size  Location     Type
		None
 Return value:  Size  Location     Type
                  2   43[BANK1 ] int 
 Registers used:
		wreg, status,2, status,0, btemp+1, pclath, cstack
 Tracked objects:
		On entry : 
		On exit  : 
		Unchanged: 
 Data sizes:     COMMON   BANK0   BANK1   BANK3   BANK2
      Params:         0       0       2       0       0
      Locals:         0       0       0       0       0
      Temps:          0       0       2       0       0
      Totals:         0       0       4       0       0
Total ram usage:        4 bytes
 Hardware stack levels used:    1
 Hardware stack levels required when called:    3
 This function calls:
		_PWM_Max_Duty
		___fldiv
		___flmul
		___fltol
		___xxtofl
 This function is called by:
		_nn_ss
		_nn_inv
		_tinh_pid
		_main
 This function uses a non-reentrant model


 *************** function _PWM1_Stop *****************
 Defined at:
		line 54 in file "./pwm.h"
 Parameters:    Size  Location     Type
		None
 Auto vars:     Size  Location     Type
		None
 Return value:  Size  Location     Type
                  2  129[None  ] int 
 Registers used:
		None
 Tracked objects:
		On entry : 
		On exit  : 
		Unchanged: 
 Data sizes:     COMMON   BANK0   BANK1   BANK3   BANK2
      Params:         0       0       0       0       0
      Locals:         0       0       0       0       0
      Temps:          0       0       0       0       0
      Totals:         0       0       0       0       0
Total ram usage:        0 bytes
 Hardware stack levels used:    1
 Hardware stack levels required when called:    1
 This function calls:
		Nothing
 This function is called by:
		_nn_ss
		_nn_inv
		_main
 This function uses a non-reentrant model


 *************** function _PWM1_Start *****************
 Defined at:
		line 37 in file "./pwm.h"
 Parameters:    Size  Location     Type
		None
 Auto vars:     Size  Location     Type
		None
 Return value:  Size  Location     Type
                  2  126[None  ] int 
 Registers used:
		None
 Tracked objects:
		On entry : 
		On exit  : 
		Unchanged: 
 Data sizes:     COMMON   BANK0   BANK1   BANK3   BANK2
      Params:         0       0       0       0       0
      Locals:         0       0       0       0       0
      Temps:          0       0       0       0       0
      Totals:         0       0       0       0       0
Total ram usage:        0 bytes
 Hardware stack levels used:    1
 Hardware stack levels required when called:    1
 This function calls:
		Nothing
 This function is called by:
		_nn_ss
		_nn_inv
		_main
 This function uses a non-reentrant model


 *************** function _PWM1_Duty *****************
 Defined at:
		line 17 in file "./pwm.h"
 Parameters:    Size  Location     Type
  duty            2   43[BANK1 ] unsigned int 
 Auto vars:     Size  Location     Type
		None
 Return value:  Size  Location     Type
                  2   43[BANK1 ] int 
 Registers used:
		wreg, status,2, status,0, btemp+1, pclath, cstack
 Tracked objects:
		On entry : 
		On exit  : 
		Unchanged: 
 Data sizes:     COMMON   BANK0   BANK1   BANK3   BANK2
      Params:         0       0       2       0       0
      Locals:         0       0       0       0       0
      Temps:          0       0       2       0       0
      Totals:         0       0       4       0       0
Total ram usage:        4 bytes
 Hardware stack levels used:    1
 Hardware stack levels required when called:    3
 This function calls:
		_PWM_Max_Duty
		___fldiv
		___flmul
		___fltol
		___xxtofl
 This function is called by:
		_nn_ss
		_nn_inv
		_tinh_pid
		_main
 This function uses a non-reentrant model


 *************** function ___xxtofl *****************
 Defined at:
		line 10 in file "E:\Program Files\Microchip\xc8\v2.30\pic\sources\c90\common\xxtofl.c"
 Parameters:    Size  Location     Type
  sign            1    wreg     unsigned char 
  val             4   26[BANK0 ] long 
 Auto vars:     Size  Location     Type
  sign            1   34[BANK0 ] unsigned char 
  arg             4   36[BANK0 ] unsigned long 
  exp             1   35[BANK0 ] unsigned char 
 Return value:  Size  Location     Type
                  4   26[BANK0 ] unsigned char 
 Registers used:
		wreg, status,2, status,0
 Tracked objects:
		On entry : 
		On exit  : 
		Unchanged: 
 Data sizes:     COMMON   BANK0   BANK1   BANK3   BANK2
      Params:         0       4       0       0       0
      Locals:         0       6       0       0       0
      Temps:          0       4       0       0       0
      Totals:         0      14       0       0       0
Total ram usage:       14 bytes
 Hardware stack levels used:    1
 Hardware stack levels required when called:    1
 This function calls:
		Nothing
 This function is called by:
		_PWM1_Duty
		_PWM2_Duty
		_tinh_pid
 This function uses a non-reentrant model


 *************** function ___fltol *****************
 Defined at:
		line 43 in file "E:\Program Files\Microchip\xc8\v2.30\pic\sources\c90\common\fltol.c"
 Parameters:    Size  Location     Type
  f1              4   34[BANK1 ] unsigned char 
 Auto vars:     Size  Location     Type
  exp1            1   79[BANK0 ] unsigned char 
  sign1           1   78[BANK0 ] unsigned char 
 Return value:  Size  Location     Type
                  4   34[BANK1 ] long 
 Registers used:
		wreg, status,2, status,0
 Tracked objects:
		On entry : 
		On exit  : 
		Unchanged: 
 Data sizes:     COMMON   BANK0   BANK1   BANK3   BANK2
      Params:         0       0       4       0       0
      Locals:         0       2       0       0       0
      Temps:          0       0       5       0       0
      Totals:         0       2       9       0       0
Total ram usage:       11 bytes
 Hardware stack levels used:    1
 Hardware stack levels required when called:    1
 This function calls:
		Nothing
 This function is called by:
		_PWM1_Duty
		_PWM2_Duty
		_tinh_pid
 This function uses a non-reentrant model


 *************** function ___flmul *****************
 Defined at:
		line 8 in file "E:\Program Files\Microchip\xc8\v2.30\pic\sources\c90\common\sprcmul.c"
 Parameters:    Size  Location     Type
  b               4   40[BANK0 ] long 
  a               4   44[BANK0 ] long 
 Auto vars:     Size  Location     Type
  prod            4   60[BANK0 ] struct .
  grs             4   55[BANK0 ] unsigned long 
  temp            2   64[BANK0 ] struct .
  bexp            1   59[BANK0 ] unsigned char 
  aexp            1   54[BANK0 ] unsigned char 
  sign            1   53[BANK0 ] unsigned char 
 Return value:  Size  Location     Type
                  4   40[BANK0 ] unsigned char 
 Registers used:
		wreg, status,2, status,0, btemp+1, pclath, cstack
 Tracked objects:
		On entry : 
		On exit  : 
		Unchanged: 
 Data sizes:     COMMON   BANK0   BANK1   BANK3   BANK2
      Params:         0       8       0       0       0
      Locals:         0      13       0       0       0
      Temps:          0       5       0       0       0
      Totals:         0      26       0       0       0
Total ram usage:       26 bytes
 Hardware stack levels used:    1
 Hardware stack levels required when called:    2
 This function calls:
		__Umul8_16
 This function is called by:
		_PWM1_Duty
		_PWM2_Duty
		_tinh_pid
 This function uses a non-reentrant model


 *************** function __Umul8_16 *****************
 Defined at:
		line 4 in file "E:\Program Files\Microchip\xc8\v2.30\pic\sources\c90\common\Umul8_16.c"
 Parameters:    Size  Location     Type
  multiplier      1    wreg     unsigned char 
  multiplicand    1    2[COMMON] unsigned char 
 Auto vars:     Size  Location     Type
  multiplier      1    4[BANK0 ] unsigned char 
  word_mpld       2    2[BANK0 ] unsigned int 
  product         2    0[BANK0 ] unsigned int 
 Return value:  Size  Location     Type
                  2    2[COMMON] unsigned int 
 Registers used:
		wreg, status,2, status,0
 Tracked objects:
		On entry : 
		On exit  : 
		Unchanged: 
 Data sizes:     COMMON   BANK0   BANK1   BANK3   BANK2
      Params:         2       0       0       0       0
      Locals:         0       5       0       0       0
      Temps:          2       0       0       0       0
      Totals:         4       5       0       0       0
Total ram usage:        9 bytes
 Hardware stack levels used:    1
 Hardware stack levels required when called:    1
 This function calls:
		Nothing
 This function is called by:
		___flmul
 This function uses a non-reentrant model


 *************** function ___fldiv *****************
 Defined at:
		line 8 in file "E:\Program Files\Microchip\xc8\v2.30\pic\sources\c90\common\sprcdiv.c"
 Parameters:    Size  Location     Type
  a               4    8[BANK1 ] unsigned int 
  b               4   12[BANK1 ] unsigned int 
 Auto vars:     Size  Location     Type
  grs             4   28[BANK1 ] unsigned long 
  rem             4   21[BANK1 ] unsigned long 
  new_exp         2   26[BANK1 ] int 
  aexp            1   33[BANK1 ] unsigned char 
  bexp            1   32[BANK1 ] unsigned char 
  sign            1   25[BANK1 ] unsigned char 
 Return value:  Size  Location     Type
                  4    8[BANK1 ] unsigned char 
 Registers used:
		wreg, status,2, status,0, btemp+1
 Tracked objects:
		On entry : 
		On exit  : 
		Unchanged: 
 Data sizes:     COMMON   BANK0   BANK1   BANK3   BANK2
      Params:         0       0       8       0       0
      Locals:         0       0      13       0       0
      Temps:          0       0       5       0       0
      Totals:         0       0      26       0       0
Total ram usage:       26 bytes
 Hardware stack levels used:    1
 Hardware stack levels required when called:    1
 This function calls:
		Nothing
 This function is called by:
		_PWM1_Duty
		_PWM2_Duty
		_tinh_pid
 This function uses a non-reentrant model


 *************** function _PWM_Max_Duty *****************
 Defined at:
		line 3 in file "./pwm.h"
 Parameters:    Size  Location     Type
		None
 Auto vars:     Size  Location     Type
		None
 Return value:  Size  Location     Type
                  2   20[BANK0 ] int 
 Registers used:
		wreg, status,2, status,0, pclath, cstack
 Tracked objects:
		On entry : 
		On exit  : 
		Unchanged: 
 Data sizes:     COMMON   BANK0   BANK1   BANK3   BANK2
      Params:         0       2       0       0       0
      Locals:         0       0       0       0       0
      Temps:          0       4       0       0       0
      Totals:         0       6       0       0       0
Total ram usage:        6 bytes
 Hardware stack levels used:    1
 Hardware stack levels required when called:    2
 This function calls:
		___aldiv
 This function is called by:
		_PWM1_Duty
		_PWM2_Duty
 This function uses a non-reentrant model


 *************** function _nn_dw *****************
 Defined at:
		line 150 in file "Mach_encoder_4NN_LCD_PID_Pic16F887_MPlab.c"
 Parameters:    Size  Location     Type
		None
 Auto vars:     Size  Location     Type
		None
 Return value:  Size  Location     Type
                  1    wreg      void 
 Registers used:
		wreg
 Tracked objects:
		On entry : 
		On exit  : 
		Unchanged: 
 Data sizes:     COMMON   BANK0   BANK1   BANK3   BANK2
      Params:         0       0       0       0       0
      Locals:         0       0       0       0       0
      Temps:          4       0       0       0       0
      Totals:         4       0       0       0       0
Total ram usage:        4 bytes
 Hardware stack levels used:    1
 Hardware stack levels required when called:    1
 This function calls:
		Nothing
 This function is called by:
		_main
 This function uses a non-reentrant model


 *************** function ___almod *****************
 Defined at:
		line 5 in file "E:\Program Files\Microchip\xc8\v2.30\pic\sources\c90\common\almod.c"
 Parameters:    Size  Location     Type
  divisor         4   20[BANK0 ] long 
  dividend        4   24[BANK0 ] long 
 Auto vars:     Size  Location     Type
  sign            1   30[BANK0 ] unsigned char 
  counter         1   29[BANK0 ] unsigned char 
 Return value:  Size  Location     Type
                  4   20[BANK0 ] long 
 Registers used:
		wreg, status,2, status,0
 Tracked objects:
		On entry : 
		On exit  : 
		Unchanged: 
 Data sizes:     COMMON   BANK0   BANK1   BANK3   BANK2
      Params:         0       8       0       0       0
      Locals:         0       2       0       0       0
      Temps:          0       1       0       0       0
      Totals:         0      11       0       0       0
Total ram usage:       11 bytes
 Hardware stack levels used:    1
 Hardware stack levels required when called:    1
 This function calls:
		Nothing
 This function is called by:
		_main
 This function uses a non-reentrant model


 *************** function _PWM1_Init *****************
 Defined at:
		line 7 in file "./pwm.h"
 Parameters:    Size  Location     Type
  fre             4   20[BANK0 ] long 
 Auto vars:     Size  Location     Type
		None
 Return value:  Size  Location     Type
                  2   20[BANK0 ] int 
 Registers used:
		wreg, status,2, status,0, pclath, cstack
 Tracked objects:
		On entry : 
		On exit  : 
		Unchanged: 
 Data sizes:     COMMON   BANK0   BANK1   BANK3   BANK2
      Params:         0       4       0       0       0
      Locals:         0       0       0       0       0
      Temps:          0       4       0       0       0
      Totals:         0       8       0       0       0
Total ram usage:        8 bytes
 Hardware stack levels used:    1
 Hardware stack levels required when called:    2
 This function calls:
		___aldiv
 This function is called by:
		_main
 This function uses a non-reentrant model


 *************** function ___aldiv *****************
 Defined at:
		line 5 in file "E:\Program Files\Microchip\xc8\v2.30\pic\sources\c90\common\aldiv.c"
 Parameters:    Size  Location     Type
  divisor         4    5[BANK0 ] long 
  dividend        4    9[BANK0 ] long 
 Auto vars:     Size  Location     Type
  quotient        4   16[BANK0 ] long 
  sign            1   15[BANK0 ] unsigned char 
  counter         1   14[BANK0 ] unsigned char 
 Return value:  Size  Location     Type
                  4    5[BANK0 ] long 
 Registers used:
		wreg, status,2, status,0
 Tracked objects:
		On entry : 
		On exit  : 
		Unchanged: 
 Data sizes:     COMMON   BANK0   BANK1   BANK3   BANK2
      Params:         0       8       0       0       0
      Locals:         0       6       0       0       0
      Temps:          0       1       0       0       0
      Totals:         0      15       0       0       0
Total ram usage:       15 bytes
 Hardware stack levels used:    1
 Hardware stack levels required when called:    1
 This function calls:
		Nothing
 This function is called by:
		_PWM_Max_Duty
		_PWM1_Init
		_tinh_pid
		_main
		_PWM2_Init
 This function uses a non-reentrant model


 *************** function _Lcd_Write_String *****************
 Defined at:
		line 104 in file "./lcd.h"
 Parameters:    Size  Location     Type
  a               1    wreg     PTR unsigned char 
		 -> STR_8(3), STR_7(3), STR_6(4), STR_5(4), 
		 -> STR_4(8), STR_3(5), STR_2(7), STR_1(5), 
 Auto vars:     Size  Location     Type
  a               1    9[COMMON] PTR unsigned char 
		 -> STR_8(3), STR_7(3), STR_6(4), STR_5(4), 
		 -> STR_4(8), STR_3(5), STR_2(7), STR_1(5), 
  i               2    7[COMMON] int 
 Return value:  Size  Location     Type
                  1    wreg      void 
 Registers used:
		wreg, fsr0l, fsr0h, status,2, status,0, pclath, cstack
 Tracked objects:
		On entry : 
		On exit  : 
		Unchanged: 
 Data sizes:     COMMON   BANK0   BANK1   BANK3   BANK2
      Params:         0       0       0       0       0
      Locals:         3       0       0       0       0
      Temps:          0       0       0       0       0
      Totals:         3       0       0       0       0
Total ram usage:        3 bytes
 Hardware stack levels used:    1
 Hardware stack levels required when called:    3
 This function calls:
		_Lcd_Write_Char
 This function is called by:
		_main
 This function uses a non-reentrant model


 *************** function _Lcd_Write_Char *****************
 Defined at:
		line 88 in file "./lcd.h"
 Parameters:    Size  Location     Type
  a               1    wreg     unsigned char 
 Auto vars:     Size  Location     Type
  a               1    6[COMMON] unsigned char 
  y               1    5[COMMON] unsigned char 
  temp            1    4[COMMON] unsigned char 
 Return value:  Size  Location     Type
                  1    wreg      void 
 Registers used:
		wreg, status,2, status,0, pclath, cstack
 Tracked objects:
		On entry : 
		On exit  : 
		Unchanged: 
 Data sizes:     COMMON   BANK0   BANK1   BANK3   BANK2
      Params:         0       0       0       0       0
      Locals:         3       0       0       0       0
      Temps:          1       0       0       0       0
      Totals:         4       0       0       0       0
Total ram usage:        4 bytes
 Hardware stack levels used:    1
 Hardware stack levels required when called:    2
 This function calls:
		_Lcd_Port
 This function is called by:
		_Lcd_Write_String
		_main
 This function uses a non-reentrant model


 *************** function _Lcd_Set_Cursor *****************
 Defined at:
		line 47 in file "./lcd.h"
 Parameters:    Size  Location     Type
  a               1    wreg     unsigned char 
  b               1    5[COMMON] unsigned char 
 Auto vars:     Size  Location     Type
  a               1    0[BANK0 ] unsigned char 
  temp            1    3[BANK0 ] unsigned char 
  y               1    2[BANK0 ] unsigned char 
  z               1    1[BANK0 ] unsigned char 
 Return value:  Size  Location     Type
                  1    wreg      void 
 Registers used:
		wreg, status,2, status,0, pclath, cstack
 Tracked objects:
		On entry : 
		On exit  : 
		Unchanged: 
 Data sizes:     COMMON   BANK0   BANK1   BANK3   BANK2
      Params:         1       0       0       0       0
      Locals:         0       4       0       0       0
      Temps:          2       0       0       0       0
      Totals:         3       4       0       0       0
Total ram usage:        7 bytes
 Hardware stack levels used:    1
 Hardware stack levels required when called:    3
 This function calls:
		_Lcd_Cmd
 This function is called by:
		_main
 This function uses a non-reentrant model


 *************** function _Lcd_Init *****************
 Defined at:
		line 68 in file "./lcd.h"
 Parameters:    Size  Location     Type
		None
 Auto vars:     Size  Location     Type
		None
 Return value:  Size  Location     Type
                  1    wreg      void 
 Registers used:
		wreg, status,2, status,0, pclath, cstack
 Tracked objects:
		On entry : 
		On exit  : 
		Unchanged: 
 Data sizes:     COMMON   BANK0   BANK1   BANK3   BANK2
      Params:         0       0       0       0       0
      Locals:         0       0       0       0       0
      Temps:          2       0       0       0       0
      Totals:         2       0       0       0       0
Total ram usage:        2 bytes
 Hardware stack levels used:    1
 Hardware stack levels required when called:    3
 This function calls:
		_Lcd_Cmd
		_Lcd_Port
 This function is called by:
		_main
 This function uses a non-reentrant model


 *************** function _Lcd_Cmd *****************
 Defined at:
		line 32 in file "./lcd.h"
 Parameters:    Size  Location     Type
  a               1    wreg     unsigned char 
 Auto vars:     Size  Location     Type
  a               1    4[COMMON] unsigned char 
 Return value:  Size  Location     Type
                  1    wreg      void 
 Registers used:
		wreg, status,2, status,0, pclath, cstack
 Tracked objects:
		On entry : 
		On exit  : 
		Unchanged: 
 Data sizes:     COMMON   BANK0   BANK1   BANK3   BANK2
      Params:         0       0       0       0       0
      Locals:         1       0       0       0       0
      Temps:          1       0       0       0       0
      Totals:         2       0       0       0       0
Total ram usage:        2 bytes
 Hardware stack levels used:    1
 Hardware stack levels required when called:    2
 This function calls:
		_Lcd_Port
 This function is called by:
		_Lcd_Set_Cursor
		_Lcd_Init
		_Lcd_Clear
 This function uses a non-reentrant model


 *************** function _Lcd_Port *****************
 Defined at:
		line 10 in file "./lcd.h"
 Parameters:    Size  Location     Type
  a               1    wreg     unsigned char 
 Auto vars:     Size  Location     Type
  a               1    2[COMMON] unsigned char 
 Return value:  Size  Location     Type
                  1    wreg      void 
 Registers used:
		wreg
 Tracked objects:
		On entry : 
		On exit  : 
		Unchanged: 
 Data sizes:     COMMON   BANK0   BANK1   BANK3   BANK2
      Params:         0       0       0       0       0
      Locals:         1       0       0       0       0
      Temps:          0       0       0       0       0
      Totals:         1       0       0       0       0
Total ram usage:        1 bytes
 Hardware stack levels used:    1
 Hardware stack levels required when called:    1
 This function calls:
		Nothing
 This function is called by:
		_Lcd_Cmd
		_Lcd_Init
		_Lcd_Write_Char
 This function uses a non-reentrant model


 *************** function _ISR *****************
 Defined at:
		line 40 in file "Mach_encoder_4NN_LCD_PID_Pic16F887_MPlab.c"
 Parameters:    Size  Location     Type
		None
 Auto vars:     Size  Location     Type
		None
 Return value:  Size  Location     Type
                  1    wreg      void 
 Registers used:
		wreg, status,2, status,0
 Tracked objects:
		On entry : 
		On exit  : 
		Unchanged: 
 Data sizes:     COMMON   BANK0   BANK1   BANK3   BANK2
      Params:         0       0       0       0       0
      Locals:         0       0       0       0       0
      Temps:          2       0       0       0       0
      Totals:         2       0       0       0       0
Total ram usage:        2 bytes
 Hardware stack levels used:    1
 This function calls:
		Nothing
 This function is called by:
		Interrupt level 1
 This function uses a non-reentrant model



MODULE INFORMATION

Module		Function		Class		Link	Load	Size
E:\Program Files\Microchip\xc8\v2.30\pic\sources\c90\common\aldiv.c
		___aldiv       		CODE           	10E9	0000	157

E:\Program Files\Microchip\xc8\v2.30\pic\sources\c90\common\aldiv.c estimated size: 157

E:\Program Files\Microchip\xc8\v2.30\pic\sources\c90\common\Umul8_16.c
		__Umul8_16     		CODE           	1BCD	0000	41

E:\Program Files\Microchip\xc8\v2.30\pic\sources\c90\common\Umul8_16.c estimated size: 41

Mach_encoder_4NN_LCD_PID_Pic16F887_MPlab.c
		_nn_up         		CODE           	1DA8	0000	94
		_ISR           		CODE           	1E7E	0000	121
		_nn_inv        		CODE           	1E06	0000	120
		_main          		CODE           	14C3	0000	829
		_tinh_pid      		CODE           	0027	0000	1807
		_nn_ss         		CODE           	1EF7	0000	130
		_nn_dw         		CODE           	1CB4	0000	76

Mach_encoder_4NN_LCD_PID_Pic16F887_MPlab.c estimated size: 3177

E:\Program Files\Microchip\xc8\v2.30\pic\sources\c90\common\flge.c
		___flge        		CODE           	1186	0000	164

E:\Program Files\Microchip\xc8\v2.30\pic\sources\c90\common\flge.c estimated size: 164

E:\Program Files\Microchip\xc8\v2.30\pic\sources\c90\common\sprcmul.c
		___flmul       		CODE           	0939	0000	865

E:\Program Files\Microchip\xc8\v2.30\pic\sources\c90\common\sprcmul.c estimated size: 865

E:\Program Files\Microchip\xc8\v2.30\pic\sources\c90\common\Umul32.c
		___lmul        		CODE           	1C6C	0000	72

E:\Program Files\Microchip\xc8\v2.30\pic\sources\c90\common\Umul32.c estimated size: 72

./lcd.h
		_Lcd_Write_String		CODE           	1BA8	0000	37
		_Lcd_Init      		CODE           	0816	0000	97
		_Lcd_Write_Char		CODE           	1BF6	0000	57
		_Lcd_Cmd       		CODE           	0800	0000	22
		_Lcd_Set_Cursor		CODE           	1D50	0000	88
		_Lcd_Port      		CODE           	1B86	0000	34

./lcd.h estimated size: 335

E:\Program Files\Microchip\xc8\v2.30\pic\sources\c90\common\sprcdiv.c
		___fldiv       		CODE           	12E6	0000	477

E:\Program Files\Microchip\xc8\v2.30\pic\sources\c90\common\sprcdiv.c estimated size: 477

E:\Program Files\Microchip\xc8\v2.30\pic\sources\c90\common\xxtofl.c
		___xxtofl      		CODE           	122A	0000	188

E:\Program Files\Microchip\xc8\v2.30\pic\sources\c90\common\xxtofl.c estimated size: 188

shared
		__stringtab    		STRING         	1800	0000	6
		__initialization		CODE           	000F	0000	20

shared estimated size: 26

E:\Program Files\Microchip\xc8\v2.30\pic\sources\c90\common\sprcadd.c
		___flsub       		CODE           	1D00	0000	80
		___fladd       		CODE           	0C9A	0000	870

E:\Program Files\Microchip\xc8\v2.30\pic\sources\c90\common\sprcadd.c estimated size: 950

E:\Program Files\Microchip\xc8\v2.30\pic\sources\c90\common\almod.c
		___almod       		CODE           	1F79	0000	135

E:\Program Files\Microchip\xc8\v2.30\pic\sources\c90\common\almod.c estimated size: 135

E:\Program Files\Microchip\xc8\v2.30\pic\sources\c90\common\fltol.c
		___fltol       		CODE           	1057	0000	146

E:\Program Files\Microchip\xc8\v2.30\pic\sources\c90\common\fltol.c estimated size: 146

./pwm.h
		_PWM1_Stop     		CODE           	1B6B	0000	5
		_PWM1_Start    		CODE           	1B70	0000	11
		_PWM2_Stop     		CODE           	1001	0000	5
		_PWM2_Start    		CODE           	1B7B	0000	11
		_PWM1_Init     		CODE           	1006	0000	81
		_PWM_Max_Duty  		CODE           	1C2F	0000	61
		_PWM1_Duty     		CODE           	0877	0000	194
		_PWM2_Duty     		CODE           	0736	0000	194

./pwm.h estimated size: 562

